app/[locale]/dashboard/admin/components/AdminEscrowOperationsTab.tsx(487,56): error TS2304: Cannot find name 't'.
app/[locale]/dashboard/admin/components/AdminEscrowOperationsTab.tsx(496,56): error TS2304: Cannot find name 't'.
app/[locale]/dashboard/admin/components/UserImportModal.tsx(72,14): error TS2304: Cannot find name 't'.
app/[locale]/dashboard/admin/components/UserManagementTab.tsx(228,57): error TS2304: Cannot find name 't'.
app/[locale]/dashboard/admin/dev-tools/page.tsx(119,37): error TS2304: Cannot find name 't'.
app/[locale]/dashboard/admin/dev-tools/page.tsx(120,37): error TS2304: Cannot find name 't'.
app/[locale]/dashboard/admin/dev-tools/page.tsx(121,37): error TS2304: Cannot find name 't'.
app/[locale]/dashboard/admin/dev-tools/page.tsx(122,37): error TS2304: Cannot find name 't'.
app/[locale]/dashboard/admin/dev-tools/page.tsx(123,37): error TS2304: Cannot find name 't'.
app/[locale]/dashboard/admin/dev-tools/page.tsx(124,37): error TS2304: Cannot find name 't'.
app/[locale]/dashboard/admin/dev-tools/page.tsx(125,37): error TS2304: Cannot find name 't'.
app/[locale]/dashboard/admin/dev-tools/page.tsx(632,32): error TS2555: Expected at least 1 arguments, but got 0.
app/[locale]/dashboard/admin/lobbies/create/page.tsx(459,71): error TS2304: Cannot find name 't'.
app/[locale]/dashboard/admin/lobbies/create/page.tsx(478,24): error TS2304: Cannot find name 't'.
app/[locale]/dashboard/partner/components/PartnerTournamentTab.tsx(523,28): error TS2304: Cannot find name 't'.
app/[locale]/dashboard/partner/components/PartnerTournamentTab.tsx(524,28): error TS2304: Cannot find name 't'.
app/[locale]/minitour/lobbies/[id]/hooks/useMiniTourSocket.ts(45,37): error TS2304: Cannot find name 't'.
app/[locale]/minitour/lobbies/[id]/hooks/useMiniTourSocket.ts(53,37): error TS2304: Cannot find name 't'.
